

    ESP-ROM:esp8684-api2-20220127
    Build:Jan 27 2022
    rst:0x1 (POWERON),boot:0xc (SPI_FAST_FLASH_BOOT)
    SPIWP:0xee
    mode:DIO, clock div:2
    load:0x3fcd5c80,len:0x1314
    load:0x403acb70,len:0x8f8
    load:0x403aeb70,len:0x254c
    SHA-256 comparison failed:
    Calculated: 74043b7cac1b10700c8bf8d3adfa93a4c4b12c826f3e53490ba390453ed0868c
    Expected: c52a001d3d61f27cb6cc206d2db00539deb79253bf1e44f1f9fa178b6fe913c6
    Attempting to boot anyway...
    entry 0x403acb70
    [0;32mI (60) boot: ESP-IDF v5.0-beta1-641-gc321739074-dirt 2nd stage bootloader[0m
    [0;32mI (60) boot: compile time 10:51:17[0m
    [0;32mI (61) boot: chip revision: V100[0m
    [0;32mI (67) boot.esp32c2: MMU Page Size  : 32K[0m
    [0;32mI (74) boot.esp32c2: SPI Speed      : 30MHz[0m
    [0;32mI (81) boot.esp32c2: SPI Mode       : DIO[0m
    [0;32mI (89) boot.esp32c2: SPI Flash Size : 2MB[0m
    [0;32mI (96) boot: Enabling RNG early entropy source...[0m
    [0;32mI (104) boot: Partition Table:[0m
    [0;32mI (110) boot: ## Label            Usage          Type ST Offset   Length[0m
    [0;32mI (121) boot:  0 nvs              WiFi data        01 02 00009000 00004000[0m

    [0;32mI (133) boot:  1 otadata          OTA data         01 00 0000d000 00002000[0m
    [0;32mI (145) boot:  2 phy_init         RF data          01 01 0000f000 00001000[0m
    [0;32mI (156) boot:  3 ota_0            OTA app          00 10 00010000 000e0000[0m
    [0;32mI (168) boot:  4 ota_1            OTA app          00 11 000f0000 000e0000[0m
    [0;32mI (179) boot: End of partition table[0m
    [0;32mI (186) esp_image: segment 0: paddr=00010020 vaddr=3c090020 size=14180h ( 82304) map[0m
    [0;32mI (228) esp_image: segment 1: paddr=000241a8 vaddr=3fcac540 size=02618h (  9752) load[0m
    [0;32mI (231) esp_image: segment 2: paddr=000267c8 vaddr=40380000 size=01850h (  6224) load[0m
    [0;32mI (239) esp_image: segment 3: paddr=00028020 vaddr=42000020 size=8af74h (569204) map[0m
    [0;32mI (447) esp_image: segment 4: paddr=000b2f9c vaddr=40381850 size=0acech ( 44268) load[0m
    [0;32mI (468) boot: Loaded app from partition at offset 0x10000[0m
    [0;32mI (468) boot: Disabling RNG early entropy source...[0m
    iKECIN Technology Co.Ltd.(Oct 22 2022 15:41:31)

    ready

    sn : 

    device Fireware : W1.KD5P7010.v1_0



